Building dataset...
  E_SandP-500      11084 samples
  E_DAAX           11097 samples
  EURUSD           11718 samples
  GBPUSD           11717 samples
  E_Brent          10132 samples
  COPPER.CMDUSD    11098 samples
  BTCEUR            7223 samples
  ETHEUR            7095 samples
samples=81164  image=(2, 32, 50)  (16s)
Random-conv features...
  rconv dim=336 (111s)
  fold 0: PCA expl.var=0.20  AE recon R2(test)=0.24
  fold 0 h=6 dir done (222s)
  fold 0 h=6 vol done (257s)
  fold 0 h=24 dir done (296s)
  fold 0 h=24 vol done (331s)
  fold 1: PCA expl.var=0.20  AE recon R2(test)=0.24
  fold 1 h=6 dir done (438s)
  fold 1 h=6 vol done (479s)
  fold 1 h=24 dir done (518s)
  fold 1 h=24 vol done (561s)
  fold 2: PCA expl.var=0.20  AE recon R2(test)=0.22
  fold 2 h=6 dir done (662s)
  fold 2 h=6 vol done (709s)
  fold 2 h=24 dir done (754s)
  fold 2 h=24 vol done (801s)
  fold 3: PCA expl.var=0.20  AE recon R2(test)=0.23
  fold 3 h=6 dir done (912s)
  fold 3 h=6 vol done (966s)
  fold 3 h=24 dir done (1015s)
  fold 3 h=24 vol done (1070s)

=== Mean AUC across walk-forward folds ===
                                   auc  auc_min  auc_max
target h  feat         model                            
dir    6  ae           hgb      0.5055   0.5016   0.5137
                       logit    0.5092   0.5046   0.5193
          ae+scale     hgb      0.5032   0.5000   0.5047
                       logit    0.5058   0.5000   0.5106
          kpi          hgb      0.5124   0.5001   0.5232
                       logit    0.5074   0.4979   0.5175
          pca          hgb      0.5076   0.5014   0.5111
                       logit    0.5078   0.5043   0.5134
          pixels+scale mlp_e2e  0.5007   0.4935   0.5066
          raw          hgb      0.5103   0.5030   0.5183
                       logit    0.5069   0.5009   0.5104
          rconv        hgb      0.5044   0.5020   0.5061
                       logit    0.4992   0.4944   0.5038
          rconv+kpi    hgb      0.5073   0.5032   0.5105
                       logit    0.4997   0.4941   0.5042
          rconv+scale  hgb      0.5076   0.5055   0.5116
                       logit    0.4987   0.4952   0.5024
       24 ae           hgb      0.5101   0.4908   0.5207
                       logit    0.5066   0.4755   0.5254
          ae+scale     hgb      0.5068   0.4890   0.5249
                       logit    0.5035   0.4771   0.5253
          kpi          hgb      0.5065   0.4937   0.5198
                       logit    0.5055   0.4838   0.5210
          pca          hgb      0.5028   0.4817   0.5245
                       logit    0.5084   0.4748   0.5240
          pixels+scale mlp_e2e  0.4988   0.4715   0.5101
          raw          hgb      0.5076   0.4817   0.5317
                       logit    0.5066   0.4846   0.5169
          rconv        hgb      0.5047   0.5000   0.5122
                       logit    0.5002   0.4728   0.5217
          rconv+kpi    hgb      0.5110   0.5053   0.5156
                       logit    0.5005   0.4817   0.5156
          rconv+scale  hgb      0.5101   0.5026   0.5248
                       logit    0.4992   0.4737   0.5156
vol    6  ae           hgb      0.5416   0.5268   0.5625
                       logit    0.5205   0.4937   0.5444
          ae+scale     hgb      0.7854   0.7736   0.8005
                       logit    0.7840   0.7731   0.7964
          kpi          hgb      0.7956   0.7830   0.8088
                       logit    0.7956   0.7814   0.8104
          pca          hgb      0.5577   0.5396   0.5809
                       logit    0.5415   0.5135   0.5710
          pixels+scale mlp_e2e  0.7642   0.7463   0.7866
          raw          hgb      0.7943   0.7801   0.8105
                       logit    0.8013   0.7869   0.8198
          rconv        hgb      0.6077   0.5930   0.6396
                       logit    0.5861   0.5641   0.6182
          rconv+kpi    hgb      0.7984   0.7864   0.8152
                       logit    0.7925   0.7797   0.8074
          rconv+scale  hgb      0.7944   0.7818   0.8134
                       logit    0.7951   0.7821   0.8136
       24 ae           hgb      0.5123   0.5074   0.5168
                       logit    0.5129   0.5042   0.5161
          ae+scale     hgb      0.7810   0.7643   0.7965
                       logit    0.7827   0.7669   0.7987
          kpi          hgb      0.7851   0.7632   0.8048
                       logit    0.7873   0.7697   0.8055
          pca          hgb      0.5230   0.5111   0.5418
                       logit    0.5077   0.5054   0.5111
          pixels+scale mlp_e2e  0.7514   0.7361   0.7691
          raw          hgb      0.7798   0.7602   0.8013
                       logit    0.7881   0.7708   0.8047
          rconv        hgb      0.5583   0.5388   0.5682
                       logit    0.5381   0.5115   0.5572
          rconv+kpi    hgb      0.7842   0.7670   0.8022
                       logit    0.7794   0.7618   0.7991
          rconv+scale  hgb      0.7802   0.7638   0.7948
                       logit    0.7839   0.7657   0.8009

=== Direction target: null sd (circular shift), long-short (top30% - bottom30%) fwd return in bps ===
                         null_sd   ls_bps     hit    base
h  feat         model                                    
6  ae           hgb       0.0053   0.0539  0.5115  0.5173
                logit     0.0068   0.0735  0.5139  0.5173
   ae+scale     hgb       0.0057  -0.8610  0.5141  0.5173
                logit     0.0052  -2.2044  0.5122  0.5173
   kpi          hgb       0.0057   0.5928  0.5139  0.5173
                logit     0.0050   0.7773  0.5122  0.5173
   pca          hgb       0.0055  -0.5223  0.5141  0.5173
                logit     0.0065  -0.5691  0.5115  0.5173
   pixels+scale mlp_e2e   0.0053   0.5768  0.5040  0.5173
   raw          hgb       0.0057  -0.3565  0.5170  0.5173
                logit     0.0057   0.9092  0.5117  0.5173
   rconv        hgb       0.0058  -1.8946  0.5087  0.5173
                logit     0.0064  -3.4596  0.5043  0.5173
   rconv+kpi    hgb       0.0053  -1.2963  0.5132  0.5173
                logit     0.0057  -2.5367  0.5032  0.5173
   rconv+scale  hgb       0.0052  -0.5489  0.5103  0.5173
                logit     0.0065  -4.5978  0.5029  0.5173
24 ae           hgb       0.0100  -1.1458  0.5168  0.5253
                logit     0.0105  -2.6165  0.5149  0.5253
   ae+scale     hgb       0.0083  -3.4217  0.5110  0.5253
                logit     0.0100  -8.2683  0.5128  0.5253
   kpi          hgb       0.0090   1.6094  0.5083  0.5253
                logit     0.0104  -6.6140  0.5084  0.5253
   pca          hgb       0.0087  -6.1958  0.5145  0.5253
                logit     0.0098  -1.0951  0.5181  0.5253
   pixels+scale mlp_e2e   0.0087 -10.1849  0.5090  0.5253
   raw          hgb       0.0098  -2.8170  0.5144  0.5253
                logit     0.0087  -9.3609  0.5161  0.5253
   rconv        hgb       0.0085   1.3035  0.5100  0.5253
                logit     0.0086  -3.0276  0.5054  0.5253
   rconv+kpi    hgb       0.0107   2.0981  0.5111  0.5253
                logit     0.0092  -9.9706  0.5033  0.5253
   rconv+scale  hgb       0.0074   5.5818  0.5137  0.5253
                logit     0.0103  -3.6499  0.5035  0.5253
