train=17107 val=3034 test=8615  pos rate train=0.170 test=0.172  (4s)
EURUSD alone: train windows=1237 positives=6; test windows=530 positives=2
  cnn image only seed 0: best val AUC=0.613 after 23 epochs (214s)
  cnn image only seed 1: best val AUC=0.595 after 16 epochs (356s)
  cnn image only seed 2: best val AUC=0.600 after 19 epochs (528s)
  cnn image + y-axis scale seed 0: best val AUC=0.745 after 13 epochs (652s)
  cnn image + y-axis scale seed 1: best val AUC=0.744 after 13 epochs (775s)
  cnn image + y-axis scale seed 2: best val AUC=0.743 after 13 epochs (889s)
                   model  auc_pooled  auc_within  n_assets  within_null_mean  within_null_sd  z_within  prec_top10  base_rate  prec_top10_within  fwd_bps_top10_within  fwd_bps_all
vol (range+realised vol)      0.7223      0.6037        31            0.5011          0.0105    9.7649      0.3654     0.1718             0.2654               20.4623       6.3515
 raw candles + vol (HGB)      0.7193      0.6019        31            0.5013          0.0105    9.6005      0.3503     0.1718             0.2712               28.9155       6.3515
          cnn image only      0.5850      0.5261        31            0.5001          0.0109    2.3788      0.2355     0.1718             0.1991               11.4472       6.3515
cnn image + y-axis scale      0.7197      0.6025        31            0.5009          0.0101   10.0370      0.3689     0.1718             0.2689               16.5766       6.3515
         stack vol + cnn      0.7200      0.6029        31            0.5009          0.0101   10.0612      0.3712     0.1718             0.2735               21.4730       6.3515
        asset   n  pos  auc_cnn  auc_vol
   AAPL.USUSD 149   42    0.560    0.589
    ALV.DEEUR 196   40    0.532    0.580
   ASML.NLEUR 196   71    0.531    0.575
       BTCEUR 327   48    0.583    0.623
    CAT.USUSD 149   57    0.495    0.505
COPPER.CMDUSD 502   89    0.532    0.524
   ENEL.ITEUR 195   39    0.573    0.542
    ENI.ITEUR 195   52    0.575    0.572
   ESP.IDXEUR 262   42    0.630    0.659
       ETHEUR 322   65    0.542    0.563
   EUS.IDXEUR 305   34    0.607    0.630
      E_Brent 458  104    0.659    0.651
       E_DAAX 502   26    0.715    0.660
  E_SandP-500 501   22    0.804    0.775
     FP.FREUR 197   65    0.598    0.586
   FRA.IDXEUR 306   27    0.637    0.638
   GBR.IDXEUR 190   10    0.788    0.766
   HSBA.GBGBX 194   52    0.528    0.503
    IBE.ESEUR 197   33    0.509    0.530
    ISP.ITEUR 196   49    0.510    0.557
   ITA.IDXEUR 245   21    0.649    0.669
    JPM.USUSD 150   36    0.440    0.448
     KO.USUSD 150   31    0.619    0.633
     MC.FREUR 197   49    0.542    0.534
   NVDA.USUSD 149   64    0.562    0.528
     PG.USUSD 150   37    0.535    0.530
   RDSB.GBGBX 192   46    0.512    0.526
    SAN.ESEUR 197   57    0.590    0.561
    SAP.DEEUR 195   51    0.654    0.657
    SIE.DEEUR 195   59    0.566    0.583
    UCG.ITEUR 196   58    0.563    0.585
done in 923s
