train=16533 val=2933 test=8298  pos rate train=0.508 test=0.521  (3s)
EURUSD alone: train windows=913 positives=430; test windows=377 positives=204
median bars to resolve: train=8 test=8
  cnn image only seed 0: best val AUC=0.510 after 13 epochs (116s)
  cnn image only seed 1: best val AUC=0.516 after 12 epochs (218s)
  cnn image only seed 2: best val AUC=0.514 after 16 epochs (351s)
  cnn image + y-axis scale seed 0: best val AUC=0.525 after 14 epochs (470s)
  cnn image + y-axis scale seed 1: best val AUC=0.514 after 13 epochs (579s)
  cnn image + y-axis scale seed 2: best val AUC=0.513 after 12 epochs (681s)
                       model  auc_pooled  auc_within  n_assets  within_null_mean  within_null_sd  z_within  prec_top10  base_rate  prec_top10_within  fwd_bps_top10_within  fwd_bps_all
asset prior (train win-rate)      0.4871      0.5000        33            0.5000          0.0000       NaN      0.5025     0.5213             0.5213                4.2661       4.2661
    vol (range+realised vol)      0.5109      0.5108        33            0.5003          0.0065    1.6131      0.5325     0.5213             0.5314                6.2871       4.2661
     raw candles + vol (HGB)      0.5091      0.5105        33            0.4999          0.0068    1.5699      0.5354     0.5213             0.5455                9.0909       4.2661
              cnn image only      0.4979      0.4969        33            0.5006          0.0072   -0.5062      0.5133     0.5213             0.5030                0.5931       4.2661
    cnn image + y-axis scale      0.4971      0.4977        33            0.5006          0.0064   -0.4503      0.5120     0.5213             0.5243                4.8636       4.2661
             stack vol + cnn      0.5053      0.5052        33            0.5006          0.0059    0.7704      0.5313     0.5213             0.5136                2.7284       4.2661
        asset   n  pos  auc_cnn  auc_vol
   AAPL.USUSD 148   68    0.564    0.521
    ALV.DEEUR 196  108    0.474    0.553
   ASML.NLEUR 195  100    0.456    0.525
       BTCEUR 323  161    0.489    0.449
    CAT.USUSD 148   82    0.450    0.439
COPPER.CMDUSD 500  273    0.497    0.555
   ENEL.ITEUR 195   96    0.461    0.446
    ENI.ITEUR 194  110    0.528    0.484
   ESP.IDXEUR 262  156    0.474    0.528
       ETHEUR 314  176    0.441    0.519
       EURUSD 377  204    0.449    0.508
   EUS.IDXEUR 305  154    0.519    0.531
      E_Brent 454  234    0.495    0.552
       E_DAAX 499  255    0.512    0.543
  E_SandP-500 496  240    0.560    0.480
     FP.FREUR 197  111    0.456    0.479
   FRA.IDXEUR 306  146    0.487    0.511
       GBPUSD 410  220    0.493    0.467
   GBR.IDXEUR 187   88    0.530    0.538
   HSBA.GBGBX 192  110    0.464    0.484
    IBE.ESEUR 197  106    0.496    0.478
    ISP.ITEUR 195   97    0.559    0.528
   ITA.IDXEUR 245  131    0.494    0.551
    JPM.USUSD 149   69    0.513    0.616
     KO.USUSD 150   67    0.524    0.505
     MC.FREUR 196   97    0.426    0.489
   NVDA.USUSD 146   85    0.509    0.444
     PG.USUSD 150   72    0.527    0.470
   RDSB.GBGBX 192  102    0.530    0.554
    SAN.ESEUR 196  115    0.495    0.576
    SAP.DEEUR 194   99    0.513    0.480
    SIE.DEEUR 194   96    0.495    0.443
    UCG.ITEUR 196   98    0.550    0.526
done in 724s
